// Jest Snapshot v1, https://goo.gl/fbAQLP

exports[`renders Credit main page 1`] = `
<DocumentFragment>
  <div
    class="fe-wallet__panel"
  >
    <main
      class="fe-wallet__main"
    >
      <div
        class="fe-wallet__spinner-container"
      >
        <div
          class="fe-wallet__spinner-container__content"
        />
      </div>
      <div
        class="fe-wallet__spinner-container"
      >
        <div
          class="fe-wallet__spinner-container__content"
        />
      </div>
      <div
        class="fe-wallet__spinner-container"
      >
        <div
          class="fe-wallet__spinner-container__content"
        />
      </div>
      <div
        class="fe-wallet__transactions"
      >
        <span>
          Mis movimientos
        </span>
        <div
          class="fe-wallet__transactions__container"
        >
          <table>
            <thead>
              <tr>
                <th>
                  Fecha
                </th>
                <th>
                  Tipo de Operación
                </th>
                <th>
                  Método
                </th>
                <th>
                  Estado
                </th>
                <th>
                  Comisión
                </th>
                <th>
                  Monto
                </th>
              </tr>
            </thead>
            <tbody />
          </table>
        </div>
      </div>
    </main>
  </div>
</DocumentFragment>
`;
