// Jest Snapshot v1, https://goo.gl/fbAQLP

exports[`renders App main page 1`] = `
<DocumentFragment>
  <div
    class="fe-wallet"
  >
    <header
      class="fe-wallet__header"
    >
      <div
        class="fe-wallet__header__logo-container"
      >
        <a
          aria-current="page"
          class="active"
          href="/panel"
        >
          <img
            alt="logo"
            class="fe-wallet__header__logo-container__logo"
            src="logo-brand.svg"
          />
        </a>
      </div>
    </header>
    <div
      class="fe-wallet__content"
    >
      <nav
        class="fe-wallet__content__navigation"
      >
        <div
          class="fe-wallet__content__navigation__logout"
        >
          <li
            class="fe-wallet__content__navigation__list__item"
          >
            <a
              class="fe-wallet__content__navigation__list__item__link false"
              href="/logout"
            >
              <div
                class="fe-wallet__content__navigation__list__item__link__content"
              >
                <svg
                  class="icon"
                  height="16"
                  viewBox="0 0 15 16"
                  width="15"
                  xmlns="http://www.w3.org/2000/svg"
                >
                  <path
                    clip-rule="evenodd"
                    d="M2.39378 14.1768H7.9752C8.31814 14.1768 8.59534 14.454 8.59534 14.7969C8.59534 15.1398 8.31814 15.417 7.9752 15.417H2.39378C1.36805 15.417 0.533325 14.5823 0.533325 13.5566V2.39381C0.533325 1.36808 1.36805 0.533325 2.39378 0.533325H7.9752C8.31814 0.533325 8.59534 0.810584 8.59534 1.15353C8.59534 1.49647 8.31814 1.77367 7.9752 1.77367H2.39378C2.05148 1.77367 1.77364 2.05148 1.77364 2.39381V13.5566C1.77364 13.8989 2.05145 14.1768 2.39378 14.1768ZM11.5113 3.81271L15.2819 7.53365C15.4003 7.65087 15.4667 7.80901 15.4667 7.97514C15.4667 8.14133 15.3997 8.30012 15.2819 8.4167L11.5113 12.1376C11.391 12.2567 11.2335 12.3162 11.076 12.3162C10.916 12.3162 10.7559 12.2542 10.6344 12.1314C10.3944 11.8877 10.3963 11.4952 10.6406 11.2546L13.3352 8.59534H6.11472C5.77177 8.59534 5.49458 8.31811 5.49458 7.97517C5.49458 7.63223 5.77177 7.35503 6.11472 7.35503H13.3352L10.6406 4.69582C10.3963 4.45519 10.3938 4.06264 10.6344 3.81892C10.875 3.5752 11.2682 3.57208 11.5113 3.81271Z"
                    fill-rule="evenodd"
                  />
                </svg>
                <span>
                  Salir
                </span>
              </div>
            </a>
          </li>
        </div>
      </nav>
      <div
        class="fe-wallet__panel"
      >
        <main
          class="fe-wallet__main"
        >
          <div
            class="fe-wallet__transactions"
          >
            <span>
              Mis movimientos
            </span>
            <div
              class="fe-wallet__transactions__container"
            >
              <table>
                <thead>
                  <tr>
                    <th>
                      Fecha
                    </th>
                    <th>
                      Tipo de Operación
                    </th>
                    <th>
                      Método
                    </th>
                    <th>
                      Estado
                    </th>
                    <th>
                      Comisión
                    </th>
                    <th>
                      Monto
                    </th>
                  </tr>
                </thead>
                <tbody />
              </table>
            </div>
          </div>
        </main>
      </div>
    </div>
  </div>
</DocumentFragment>
`;
